src/snapshot.c:67:26: runtime error: store to address 0x7fb2e78b4800 with insufficient space for an object of type 'uint8_t'
0x7fb2e78b4800: note: pointer points here
 41 41 41 41  00 00 00 00 00 00 00 00  00 00 00 00 00 00 00 00  00 00 00 00 00 00 00 00  00 00 00 00
              ^ 
=================================================================
==869==ERROR: AddressSanitizer: heap-buffer-overflow on address 0x7fb2e78b4800 at pc 0x55b600fcccbe bp 0x7ffe81abe2c0 sp 0x7ffe81abe2b8
WRITE of size 1 at 0x7fb2e78b4800 thread T0
    #0 0x55b600fcccbd in process_file src/snapshot.c:67
    #1 0x55b600fcf632 in scan_dir_rec src/snapshot.c:291
    #2 0x55b600fd10d3 in darc_snapshot_create src/snapshot.c:362
    #3 0x55b600ff0bd3 in cmd_snapshot src/main.c:102
    #4 0x55b600ff4152 in main src/main.c:481
    #5 0x7fb2e7035ca7  (/lib/x86_64-linux-gnu/libc.so.6+0x29ca7) (BuildId: c495b62edadd6c356265942ec1282d98058a7b41)
    #6 0x7fb2e7035d64 in __libc_start_main (/lib/x86_64-linux-gnu/libc.so.6+0x29d64) (BuildId: c495b62edadd6c356265942ec1282d98058a7b41)
    #7 0x55b600fb3680 in _start (/tmp/darc_asan_build/darc_asan+0x65680) (BuildId: 73672981719cbe901f7756155e61effcda3c4ec5)

0x7fb2e78b4800 is located 0 bytes after 262144-byte region [0x7fb2e7874800,0x7fb2e78b4800)
allocated by thread T0 here:
    #0 0x7fb2e7af4c57 in malloc ../../../../src/libsanitizer/asan/asan_malloc_linux.cpp:69
    #1 0x55b600fcc9b9 in process_file src/snapshot.c:57
    #2 0x55b600fcf632 in scan_dir_rec src/snapshot.c:291
    #3 0x55b600fd10d3 in darc_snapshot_create src/snapshot.c:362
    #4 0x55b600ff0bd3 in cmd_snapshot src/main.c:102
    #5 0x55b600ff4152 in main src/main.c:481
    #6 0x7fb2e7035ca7  (/lib/x86_64-linux-gnu/libc.so.6+0x29ca7) (BuildId: c495b62edadd6c356265942ec1282d98058a7b41)

SUMMARY: AddressSanitizer: heap-buffer-overflow src/snapshot.c:67 in process_file
Shadow bytes around the buggy address:
  0x7fb2e78b4580: 00 00 00 00 00 00 00 00 00 00 00 00 00 00 00 00
  0x7fb2e78b4600: 00 00 00 00 00 00 00 00 00 00 00 00 00 00 00 00
  0x7fb2e78b4680: 00 00 00 00 00 00 00 00 00 00 00 00 00 00 00 00
  0x7fb2e78b4700: 00 00 00 00 00 00 00 00 00 00 00 00 00 00 00 00
  0x7fb2e78b4780: 00 00 00 00 00 00 00 00 00 00 00 00 00 00 00 00
=>0x7fb2e78b4800:[fa]fa fa fa fa fa fa fa fa fa fa fa fa fa fa fa
  0x7fb2e78b4880: fa fa fa fa fa fa fa fa fa fa fa fa fa fa fa fa
  0x7fb2e78b4900: fa fa fa fa fa fa fa fa fa fa fa fa fa fa fa fa
  0x7fb2e78b4980: fa fa fa fa fa fa fa fa fa fa fa fa fa fa fa fa
  0x7fb2e78b4a00: fa fa fa fa fa fa fa fa fa fa fa fa fa fa fa fa
  0x7fb2e78b4a80: fa fa fa fa fa fa fa fa fa fa fa fa fa fa fa fa
Shadow byte legend (one shadow byte represents 8 application bytes):
  Addressable:           00
  Partially addressable: 01 02 03 04 05 06 07 
  Heap left redzone:       fa
  Freed heap region:       fd
  Stack left redzone:      f1
  Stack mid redzone:       f2
  Stack right redzone:     f3
  Stack after return:      f5
  Stack use after scope:   f8
  Global redzone:          f9
  Global init order:       f6
  Poisoned by user:        f7
  Container overflow:      fc
  Array cookie:            ac
  Intra object redzone:    bb
  ASan internal:           fe
  Left alloca redzone:     ca
  Right alloca redzone:    cb
==869==ABORTING
