PASS RENDER-01-PARAGRAPH-SOURCE
PASS RENDER-02-HEADING-SOURCE
PASS RENDER-03-H2-H4-UNDO
PASS RENDER-04-BOLD
PASS RENDER-05-ITALIC
PASS RENDER-06-STRIKE
PASS RENDER-07-INLINE-CODE-BACKTICK
PASS RENDER-08-LINK-LABEL
PASS RENDER-09-LINK-DESTINATION
PASS RENDER-10-EXTERNAL-HTTPS-SOURCE
PASS RENDER-11-LIST-ENTER
PASS RENDER-12-LIST-INDENT-OUTDENT
PASS RENDER-13-TASK-TOGGLE
PASS RENDER-14-NESTED-QUOTE
PASS RENDER-15-FENCE-PUNCTUATION
PASS RENDER-16-FENCE-INFO
PASS RENDER-17-IMAGE-DELETE-UNDO
PASS RENDER-18-TABLE-CELL
PASS RENDER-19-TABLE-ROW
PASS RENDER-20-TABLE-COLUMN
PASS RENDER-21-TABLE-ALIGNMENT
PASS RENDER-22-TABLE-TAB-BOUNDARIES
PASS RENDER-23-MODE-CYCLE
ACCEPTANCE_MATRIX_SUMMARY total=23 passed=23 failed=0 skipped=0
PASS EVIDENCE-MISSING-FILE
PASS EVIDENCE-DIGEST-MISMATCH
PASS EVIDENCE-SCREENSHOT-OMISSION
PASS EVIDENCE-FAILED-TEST-COUNT
EVIDENCE_MUTATION_SUMMARY total=4 passed=4 failed=0 skipped=0
