fixturegen PASS profile=workspace seed=424242 files=21
MDEDIT_STATE {"documents":0,"active":0,"mode":"none","dirty":false,"conflict":false,"orphaned":false,"source_len":0,"cursor":0,"anchor":0,"undo":0,"redo":0,"modal":0,"modal_selection":0,"modal_progress":0.000,"modal_closing":false,"menu":0,"focus":0,"focus_index":0,"workspace_entries":0,"outline":false,"capsule_x":0.000,"nav_frost":0.000,"sidebar_width":0.6,"zoom":1.000,"split_ratio":0.500,"source_scroll":0.000,"preview_scroll":0.000,"active_ripples":0,"xim_available":true,"xic_available":true,"find_visible":false,"find_replace":false,"find_replacement_focus":false,"find_matches":0,"find_active":0,"image_selected":false,"image_resizing":false,"image_x":0,"image_y":0,"image_w":0,"image_h":0,"image_persisted_width":0,"recoveries":0,"recovery_index":0,"activated_external":false,"active_id":"","tab_order_sha256":"e3b0c44298fc1c149afbf4c8996fb92427ae41e4649b934ca495991b7852b855","source_sha256":"e3b0c44298fc1c149afbf4c8996fb92427ae41e4649b934ca495991b7852b855"}
E2E_X11_SUMMARY total=1 passed=1 failed=0 skipped=0
E2E_X11_SUMMARY total=1 passed=1 failed=0 skipped=0
PASS SCREENSHOT UI-EMPTY-LIGHT
MDEDIT_STATE {"documents":0,"active":0,"mode":"none","dirty":false,"conflict":false,"orphaned":false,"source_len":0,"cursor":0,"anchor":0,"undo":0,"redo":0,"modal":0,"modal_selection":0,"modal_progress":0.000,"modal_closing":false,"menu":0,"focus":0,"focus_index":0,"workspace_entries":0,"outline":false,"capsule_x":0.000,"nav_frost":0.000,"sidebar_width":0.7,"zoom":1.000,"split_ratio":0.500,"source_scroll":0.000,"preview_scroll":0.000,"active_ripples":0,"xim_available":true,"xic_available":true,"find_visible":false,"find_replace":false,"find_replacement_focus":false,"find_matches":0,"find_active":0,"image_selected":false,"image_resizing":false,"image_x":0,"image_y":0,"image_w":0,"image_h":0,"image_persisted_width":0,"recoveries":0,"recovery_index":0,"activated_external":false,"active_id":"","tab_order_sha256":"e3b0c44298fc1c149afbf4c8996fb92427ae41e4649b934ca495991b7852b855","source_sha256":"e3b0c44298fc1c149afbf4c8996fb92427ae41e4649b934ca495991b7852b855"}
E2E_X11_SUMMARY total=1 passed=1 failed=0 skipped=0
E2E_X11_SUMMARY total=1 passed=1 failed=0 skipped=0
PASS SCREENSHOT UI-EMPTY-DARK
MDEDIT_STATE {"documents":4,"active":3,"mode":"Source","dirty":true,"conflict":false,"orphaned":false,"source_len":23,"cursor":23,"anchor":23,"undo":1,"redo":0,"modal":0,"modal_selection":0,"modal_progress":0.000,"modal_closing":false,"menu":0,"focus":3,"focus_index":0,"workspace_entries":36,"outline":false,"capsule_x":0.000,"nav_frost":0.000,"sidebar_width":279.5,"zoom":1.000,"split_ratio":0.500,"source_scroll":0.000,"preview_scroll":0.000,"active_ripples":0,"xim_available":true,"xic_available":true,"find_visible":false,"find_replace":false,"find_replacement_focus":false,"find_matches":0,"find_active":0,"image_selected":false,"image_resizing":false,"image_x":0,"image_y":0,"image_w":0,"image_h":0,"image_persisted_width":0,"recoveries":0,"recovery_index":0,"activated_external":false,"active_id":"38d5ae890359a0eac288ac69daee9fba45cb75c49276f49edcd09a930750cd04","tab_order_sha256":"78728f42837f22139eb4f8f1228f042c1c21bac7c054cda221695c0db00ad62f","source_sha256":"fddfd62cdea92fb96a9a333dad3db29fa68eda371abb9a684fb7d033d261a223"}
E2E_X11_SUMMARY total=1 passed=1 failed=0 skipped=0
E2E_X11_SUMMARY total=1 passed=1 failed=0 skipped=0
PASS SCREENSHOT UI-WORKSPACE-MULTITAB
MDEDIT_STATE {"documents":1,"active":0,"mode":"Source","dirty":false,"conflict":false,"orphaned":false,"source_len":431,"cursor":0,"anchor":0,"undo":0,"redo":0,"modal":0,"modal_selection":0,"modal_progress":0.000,"modal_closing":false,"menu":0,"focus":3,"focus_index":0,"workspace_entries":0,"outline":false,"capsule_x":0.000,"nav_frost":0.000,"sidebar_width":0.7,"zoom":1.000,"split_ratio":0.500,"source_scroll":0.000,"preview_scroll":0.000,"active_ripples":0,"xim_available":true,"xic_available":true,"find_visible":false,"find_replace":false,"find_replacement_focus":false,"find_matches":0,"find_active":0,"image_selected":false,"image_resizing":false,"image_x":0,"image_y":0,"image_w":0,"image_h":0,"image_persisted_width":0,"recoveries":0,"recovery_index":0,"activated_external":false,"active_id":"080e1aac9c4c818e573fce1526852c832f8859a441604104c2fdbe5544259dff","tab_order_sha256":"fdbacaa211c7883aa2adb1f919efddaee334bf496d8835d1a0ea27f8268dbb6a","source_sha256":"b210a05c103f0b9cb02c547f56464cc6e00ef716a4604db355a1da73476cf52c"}
E2E_X11_SUMMARY total=1 passed=1 failed=0 skipped=0
E2E_X11_SUMMARY total=1 passed=1 failed=0 skipped=0
PASS SCREENSHOT UI-SOURCE
MDEDIT_STATE {"documents":1,"active":0,"mode":"Split","dirty":false,"conflict":false,"orphaned":false,"source_len":431,"cursor":0,"anchor":0,"undo":0,"redo":0,"modal":0,"modal_selection":0,"modal_progress":0.000,"modal_closing":false,"menu":0,"focus":3,"focus_index":0,"workspace_entries":0,"outline":false,"capsule_x":1.000,"nav_frost":0.000,"sidebar_width":0.7,"zoom":1.000,"split_ratio":0.500,"source_scroll":0.000,"preview_scroll":0.000,"active_ripples":0,"xim_available":true,"xic_available":true,"find_visible":false,"find_replace":false,"find_replacement_focus":false,"find_matches":0,"find_active":0,"image_selected":false,"image_resizing":false,"image_x":783,"image_y":593,"image_w":360,"image_h":360,"image_persisted_width":0,"recoveries":0,"recovery_index":0,"activated_external":false,"active_id":"080e1aac9c4c818e573fce1526852c832f8859a441604104c2fdbe5544259dff","tab_order_sha256":"fdbacaa211c7883aa2adb1f919efddaee334bf496d8835d1a0ea27f8268dbb6a","source_sha256":"b210a05c103f0b9cb02c547f56464cc6e00ef716a4604db355a1da73476cf52c"}
E2E_X11_SUMMARY total=1 passed=1 failed=0 skipped=0
E2E_X11_SUMMARY total=1 passed=1 failed=0 skipped=0
PASS SCREENSHOT UI-SPLIT
MDEDIT_STATE {"documents":1,"active":0,"mode":"Preview","dirty":false,"conflict":false,"orphaned":false,"source_len":431,"cursor":0,"anchor":0,"undo":0,"redo":0,"modal":0,"modal_selection":0,"modal_progress":0.000,"modal_closing":false,"menu":0,"focus":3,"focus_index":0,"workspace_entries":0,"outline":false,"capsule_x":2.000,"nav_frost":0.000,"sidebar_width":0.7,"zoom":1.000,"split_ratio":0.500,"source_scroll":0.000,"preview_scroll":0.000,"active_ripples":0,"xim_available":true,"xic_available":true,"find_visible":false,"find_replace":false,"find_replacement_focus":false,"find_matches":0,"find_active":0,"image_selected":false,"image_resizing":false,"image_x":96,"image_y":593,"image_w":360,"image_h":360,"image_persisted_width":0,"recoveries":0,"recovery_index":0,"activated_external":false,"active_id":"080e1aac9c4c818e573fce1526852c832f8859a441604104c2fdbe5544259dff","tab_order_sha256":"fdbacaa211c7883aa2adb1f919efddaee334bf496d8835d1a0ea27f8268dbb6a","source_sha256":"b210a05c103f0b9cb02c547f56464cc6e00ef716a4604db355a1da73476cf52c"}
E2E_X11_SUMMARY total=1 passed=1 failed=0 skipped=0
E2E_X11_SUMMARY total=1 passed=1 failed=0 skipped=0
PASS SCREENSHOT UI-PREVIEW
MDEDIT_STATE {"documents":1,"active":0,"mode":"Rendered Edit","dirty":false,"conflict":false,"orphaned":false,"source_len":431,"cursor":2,"anchor":2,"undo":0,"redo":0,"modal":0,"modal_selection":0,"modal_progress":0.000,"modal_closing":false,"menu":0,"focus":3,"focus_index":0,"workspace_entries":0,"outline":false,"capsule_x":3.000,"nav_frost":0.000,"sidebar_width":0.7,"zoom":1.000,"split_ratio":0.500,"source_scroll":0.000,"preview_scroll":0.000,"active_ripples":0,"xim_available":true,"xic_available":true,"find_visible":false,"find_replace":false,"find_replacement_focus":false,"find_matches":0,"find_active":0,"image_selected":false,"image_resizing":false,"image_x":96,"image_y":593,"image_w":360,"image_h":360,"image_persisted_width":0,"recoveries":0,"recovery_index":0,"activated_external":false,"active_id":"080e1aac9c4c818e573fce1526852c832f8859a441604104c2fdbe5544259dff","tab_order_sha256":"fdbacaa211c7883aa2adb1f919efddaee334bf496d8835d1a0ea27f8268dbb6a","source_sha256":"b210a05c103f0b9cb02c547f56464cc6e00ef716a4604db355a1da73476cf52c"}
E2E_X11_SUMMARY total=1 passed=1 failed=0 skipped=0
E2E_X11_SUMMARY total=1 passed=1 failed=0 skipped=0
PASS SCREENSHOT UI-RENDERED-EDIT
MDEDIT_STATE {"documents":1,"active":0,"mode":"Rendered Edit","dirty":false,"conflict":false,"orphaned":false,"source_len":674,"cursor":0,"anchor":0,"undo":0,"redo":0,"modal":0,"modal_selection":0,"modal_progress":0.000,"modal_closing":false,"menu":0,"focus":3,"focus_index":0,"workspace_entries":0,"outline":false,"capsule_x":3.000,"nav_frost":0.000,"sidebar_width":0.7,"zoom":1.000,"split_ratio":0.500,"source_scroll":0.000,"preview_scroll":0.000,"active_ripples":0,"xim_available":true,"xic_available":true,"find_visible":false,"find_replace":false,"find_replacement_focus":false,"find_matches":0,"find_active":0,"image_selected":false,"image_resizing":false,"image_x":0,"image_y":0,"image_w":0,"image_h":0,"image_persisted_width":0,"recoveries":0,"recovery_index":0,"activated_external":false,"active_id":"f0e33a5f63aeb56b769379ade173b50c73b62348695480a96a20e6daab9ed5e4","tab_order_sha256":"336cc5cec34a8de2c904b842d492c3f5c5b2b3634c6086bcfe4dbf5ac4ab724d","source_sha256":"37dab3228ab7e37480a5a7bdc924e880bec6c8848da3fe4de3a41213f5a2b508"}
E2E_X11_SUMMARY total=1 passed=1 failed=0 skipped=0
E2E_X11_SUMMARY total=1 passed=1 failed=0 skipped=0
PASS SCREENSHOT UI-MARKDOWN-ALL
MDEDIT_STATE {"documents":1,"active":0,"mode":"Rendered Edit","dirty":false,"conflict":false,"orphaned":false,"source_len":431,"cursor":215,"anchor":215,"undo":0,"redo":0,"modal":0,"modal_selection":0,"modal_progress":0.000,"modal_closing":false,"menu":0,"focus":3,"focus_index":0,"workspace_entries":0,"outline":false,"capsule_x":3.000,"nav_frost":0.000,"sidebar_width":0.7,"zoom":1.000,"split_ratio":0.500,"source_scroll":0.000,"preview_scroll":0.000,"active_ripples":0,"xim_available":true,"xic_available":true,"find_visible":false,"find_replace":false,"find_replacement_focus":false,"find_matches":0,"find_active":0,"image_selected":true,"image_resizing":false,"image_x":96,"image_y":593,"image_w":360,"image_h":360,"image_persisted_width":0,"recoveries":0,"recovery_index":0,"activated_external":false,"active_id":"080e1aac9c4c818e573fce1526852c832f8859a441604104c2fdbe5544259dff","tab_order_sha256":"fdbacaa211c7883aa2adb1f919efddaee334bf496d8835d1a0ea27f8268dbb6a","source_sha256":"b210a05c103f0b9cb02c547f56464cc6e00ef716a4604db355a1da73476cf52c"}
E2E_X11_SUMMARY total=1 passed=1 failed=0 skipped=0
E2E_X11_SUMMARY total=1 passed=1 failed=0 skipped=0
PASS SCREENSHOT UI-IMAGE-SELECTED
MDEDIT_STATE {"documents":1,"active":0,"mode":"Rendered Edit","dirty":false,"conflict":false,"orphaned":false,"source_len":431,"cursor":215,"anchor":215,"undo":0,"redo":0,"modal":0,"modal_selection":0,"modal_progress":0.000,"modal_closing":false,"menu":0,"focus":3,"focus_index":0,"workspace_entries":0,"outline":false,"capsule_x":3.000,"nav_frost":0.000,"sidebar_width":0.7,"zoom":1.000,"split_ratio":0.500,"source_scroll":0.000,"preview_scroll":0.000,"active_ripples":0,"xim_available":true,"xic_available":true,"find_visible":false,"find_replace":false,"find_replacement_focus":false,"find_matches":0,"find_active":0,"image_selected":true,"image_resizing":false,"image_x":96,"image_y":593,"image_w":360,"image_h":360,"image_persisted_width":0,"recoveries":0,"recovery_index":0,"activated_external":false,"active_id":"080e1aac9c4c818e573fce1526852c832f8859a441604104c2fdbe5544259dff","tab_order_sha256":"fdbacaa211c7883aa2adb1f919efddaee334bf496d8835d1a0ea27f8268dbb6a","source_sha256":"b210a05c103f0b9cb02c547f56464cc6e00ef716a4604db355a1da73476cf52c"}
E2E_X11_SUMMARY total=1 passed=1 failed=0 skipped=0
PASS E2E-IMAGE-POINTER-RESIZE delta=96 live=456x456 persisted_width=456 one_source_transaction=true aspect_preserved=true
E2E_X11_SUMMARY total=1 passed=1 failed=0 skipped=0
E2E_X11_SUMMARY total=1 passed=1 failed=0 skipped=0
PASS SCREENSHOT UI-IMAGE-RESIZE
MDEDIT_STATE {"documents":1,"active":0,"mode":"Rendered Edit","dirty":false,"conflict":false,"orphaned":false,"source_len":674,"cursor":445,"anchor":445,"undo":0,"redo":0,"modal":0,"modal_selection":0,"modal_progress":0.000,"modal_closing":false,"menu":0,"focus":3,"focus_index":0,"workspace_entries":0,"outline":false,"capsule_x":3.000,"nav_frost":0.990,"sidebar_width":0.6,"zoom":1.000,"split_ratio":0.500,"source_scroll":0.000,"preview_scroll":994.000,"active_ripples":0,"xim_available":true,"xic_available":true,"find_visible":false,"find_replace":false,"find_replacement_focus":false,"find_matches":0,"find_active":0,"image_selected":false,"image_resizing":false,"image_x":96,"image_y":321,"image_w":360,"image_h":382,"image_persisted_width":0,"recoveries":0,"recovery_index":0,"activated_external":false,"active_id":"f0e33a5f63aeb56b769379ade173b50c73b62348695480a96a20e6daab9ed5e4","tab_order_sha256":"336cc5cec34a8de2c904b842d492c3f5c5b2b3634c6086bcfe4dbf5ac4ab724d","source_sha256":"37dab3228ab7e37480a5a7bdc924e880bec6c8848da3fe4de3a41213f5a2b508"}
E2E_X11_SUMMARY total=1 passed=1 failed=0 skipped=0
E2E_X11_SUMMARY total=1 passed=1 failed=0 skipped=0
E2E_X11_SUMMARY total=2 passed=2 failed=0 skipped=0
PASS SCREENSHOT UI-TABLE-EDIT
MDEDIT_STATE {"documents":1,"active":0,"mode":"Rendered Edit","dirty":false,"conflict":false,"orphaned":false,"source_len":674,"cursor":0,"anchor":0,"undo":0,"redo":0,"modal":0,"modal_selection":0,"modal_progress":0.000,"modal_closing":false,"menu":0,"focus":3,"focus_index":0,"workspace_entries":0,"outline":true,"capsule_x":3.000,"nav_frost":0.000,"sidebar_width":279.5,"zoom":1.000,"split_ratio":0.500,"source_scroll":0.000,"preview_scroll":0.000,"active_ripples":0,"xim_available":true,"xic_available":true,"find_visible":false,"find_replace":false,"find_replacement_focus":false,"find_matches":0,"find_active":0,"image_selected":false,"image_resizing":false,"image_x":0,"image_y":0,"image_w":0,"image_h":0,"image_persisted_width":0,"recoveries":0,"recovery_index":0,"activated_external":false,"active_id":"f0e33a5f63aeb56b769379ade173b50c73b62348695480a96a20e6daab9ed5e4","tab_order_sha256":"336cc5cec34a8de2c904b842d492c3f5c5b2b3634c6086bcfe4dbf5ac4ab724d","source_sha256":"37dab3228ab7e37480a5a7bdc924e880bec6c8848da3fe4de3a41213f5a2b508"}
E2E_X11_SUMMARY total=1 passed=1 failed=0 skipped=0
E2E_X11_SUMMARY total=1 passed=1 failed=0 skipped=0
PASS SCREENSHOT UI-OUTLINE
MDEDIT_STATE {"documents":1,"active":0,"mode":"Source","dirty":false,"conflict":false,"orphaned":false,"source_len":431,"cursor":0,"anchor":0,"undo":0,"redo":0,"modal":8,"modal_selection":0,"modal_progress":1.000,"modal_closing":false,"menu":0,"focus":5,"focus_index":0,"workspace_entries":0,"outline":false,"capsule_x":0.000,"nav_frost":0.000,"sidebar_width":14.6,"zoom":1.000,"split_ratio":0.500,"source_scroll":0.000,"preview_scroll":0.000,"active_ripples":0,"xim_available":true,"xic_available":true,"find_visible":false,"find_replace":false,"find_replacement_focus":false,"find_matches":0,"find_active":0,"image_selected":false,"image_resizing":false,"image_x":0,"image_y":0,"image_w":0,"image_h":0,"image_persisted_width":0,"recoveries":0,"recovery_index":0,"activated_external":false,"active_id":"080e1aac9c4c818e573fce1526852c832f8859a441604104c2fdbe5544259dff","tab_order_sha256":"fdbacaa211c7883aa2adb1f919efddaee334bf496d8835d1a0ea27f8268dbb6a","source_sha256":"b210a05c103f0b9cb02c547f56464cc6e00ef716a4604db355a1da73476cf52c"}
E2E_X11_SUMMARY total=1 passed=1 failed=0 skipped=0
E2E_X11_SUMMARY total=1 passed=1 failed=0 skipped=0
PASS SCREENSHOT UI-COMMAND-PALETTE
MDEDIT_STATE {"documents":1,"active":0,"mode":"Source","dirty":false,"conflict":false,"orphaned":false,"source_len":431,"cursor":0,"anchor":0,"undo":0,"redo":0,"modal":5,"modal_selection":0,"modal_progress":1.000,"modal_closing":false,"menu":0,"focus":5,"focus_index":0,"workspace_entries":0,"outline":false,"capsule_x":0.000,"nav_frost":0.000,"sidebar_width":6.7,"zoom":1.000,"split_ratio":0.500,"source_scroll":0.000,"preview_scroll":0.000,"active_ripples":0,"xim_available":true,"xic_available":true,"find_visible":false,"find_replace":false,"find_replacement_focus":false,"find_matches":0,"find_active":0,"image_selected":false,"image_resizing":false,"image_x":0,"image_y":0,"image_w":0,"image_h":0,"image_persisted_width":0,"recoveries":0,"recovery_index":0,"activated_external":false,"active_id":"080e1aac9c4c818e573fce1526852c832f8859a441604104c2fdbe5544259dff","tab_order_sha256":"fdbacaa211c7883aa2adb1f919efddaee334bf496d8835d1a0ea27f8268dbb6a","source_sha256":"b210a05c103f0b9cb02c547f56464cc6e00ef716a4604db355a1da73476cf52c"}
E2E_X11_SUMMARY total=1 passed=1 failed=0 skipped=0
E2E_X11_SUMMARY total=1 passed=1 failed=0 skipped=0
PASS SCREENSHOT UI-STATISTICS
MDEDIT_STATE {"documents":1,"active":0,"mode":"Source","dirty":false,"conflict":false,"orphaned":false,"source_len":431,"cursor":0,"anchor":0,"undo":0,"redo":0,"modal":6,"modal_selection":0,"modal_progress":1.000,"modal_closing":false,"menu":0,"focus":5,"focus_index":0,"workspace_entries":0,"outline":false,"capsule_x":0.000,"nav_frost":0.000,"sidebar_width":6.6,"zoom":1.000,"split_ratio":0.500,"source_scroll":0.000,"preview_scroll":0.000,"active_ripples":0,"xim_available":true,"xic_available":true,"find_visible":false,"find_replace":false,"find_replacement_focus":false,"find_matches":0,"find_active":0,"image_selected":false,"image_resizing":false,"image_x":0,"image_y":0,"image_w":0,"image_h":0,"image_persisted_width":0,"recoveries":0,"recovery_index":0,"activated_external":false,"active_id":"080e1aac9c4c818e573fce1526852c832f8859a441604104c2fdbe5544259dff","tab_order_sha256":"fdbacaa211c7883aa2adb1f919efddaee334bf496d8835d1a0ea27f8268dbb6a","source_sha256":"b210a05c103f0b9cb02c547f56464cc6e00ef716a4604db355a1da73476cf52c"}
E2E_X11_SUMMARY total=1 passed=1 failed=0 skipped=0
E2E_X11_SUMMARY total=1 passed=1 failed=0 skipped=0
PASS SCREENSHOT UI-VERSION-HISTORY
MDEDIT_STATE {"documents":1,"active":0,"mode":"Source","dirty":true,"conflict":false,"orphaned":false,"source_len":488,"cursor":488,"anchor":488,"undo":1,"redo":0,"modal":7,"modal_selection":0,"modal_progress":1.000,"modal_closing":false,"menu":0,"focus":5,"focus_index":0,"workspace_entries":0,"outline":false,"capsule_x":0.000,"nav_frost":0.000,"sidebar_width":6.7,"zoom":1.000,"split_ratio":0.500,"source_scroll":0.000,"preview_scroll":0.000,"active_ripples":0,"xim_available":true,"xic_available":true,"find_visible":false,"find_replace":false,"find_replacement_focus":false,"find_matches":0,"find_active":0,"image_selected":false,"image_resizing":false,"image_x":0,"image_y":0,"image_w":0,"image_h":0,"image_persisted_width":0,"recoveries":0,"recovery_index":0,"activated_external":false,"active_id":"080e1aac9c4c818e573fce1526852c832f8859a441604104c2fdbe5544259dff","tab_order_sha256":"fdbacaa211c7883aa2adb1f919efddaee334bf496d8835d1a0ea27f8268dbb6a","source_sha256":"8257285268a7370bb4b8c52846e511d5e5cc5be5286324cedf7eee7c7f46ba6b"}
E2E_X11_SUMMARY total=1 passed=1 failed=0 skipped=0
E2E_X11_SUMMARY total=1 passed=1 failed=0 skipped=0
PASS SCREENSHOT UI-DIFF-SIDE-BY-SIDE
MDEDIT_STATE {"documents":1,"active":0,"mode":"Source","dirty":true,"conflict":false,"orphaned":false,"source_len":488,"cursor":488,"anchor":488,"undo":1,"redo":0,"modal":7,"modal_selection":0,"modal_progress":1.000,"modal_closing":false,"menu":0,"focus":5,"focus_index":0,"workspace_entries":0,"outline":false,"capsule_x":0.000,"nav_frost":0.000,"sidebar_width":6.6,"zoom":1.000,"split_ratio":0.500,"source_scroll":0.000,"preview_scroll":0.000,"active_ripples":0,"xim_available":true,"xic_available":true,"find_visible":false,"find_replace":false,"find_replacement_focus":false,"find_matches":0,"find_active":0,"image_selected":false,"image_resizing":false,"image_x":0,"image_y":0,"image_w":0,"image_h":0,"image_persisted_width":0,"recoveries":0,"recovery_index":0,"activated_external":false,"active_id":"080e1aac9c4c818e573fce1526852c832f8859a441604104c2fdbe5544259dff","tab_order_sha256":"fdbacaa211c7883aa2adb1f919efddaee334bf496d8835d1a0ea27f8268dbb6a","source_sha256":"8257285268a7370bb4b8c52846e511d5e5cc5be5286324cedf7eee7c7f46ba6b"}
E2E_X11_SUMMARY total=1 passed=1 failed=0 skipped=0
E2E_X11_SUMMARY total=1 passed=1 failed=0 skipped=0
PASS SCREENSHOT UI-DIFF-INLINE
MDEDIT_STATE {"documents":1,"active":0,"mode":"Source","dirty":false,"conflict":false,"orphaned":false,"source_len":431,"cursor":0,"anchor":0,"undo":0,"redo":0,"modal":0,"modal_selection":0,"modal_progress":0.000,"modal_closing":false,"menu":0,"focus":3,"focus_index":0,"workspace_entries":0,"outline":false,"capsule_x":0.000,"nav_frost":0.000,"sidebar_width":0.7,"zoom":1.000,"split_ratio":0.500,"source_scroll":0.000,"preview_scroll":0.000,"active_ripples":0,"xim_available":true,"xic_available":true,"find_visible":false,"find_replace":false,"find_replacement_focus":false,"find_matches":0,"find_active":0,"image_selected":false,"image_resizing":false,"image_x":0,"image_y":0,"image_w":0,"image_h":0,"image_persisted_width":0,"recoveries":0,"recovery_index":0,"activated_external":false,"active_id":"4490d05998e5ea188105fbf0c2325f350a1f8c1627fec1b4fdd338631850172a","tab_order_sha256":"c6750eb4ce323a907975b88fd0e6d5d35ba071ca46b4b6ad6e16456b922fe171","source_sha256":"b210a05c103f0b9cb02c547f56464cc6e00ef716a4604db355a1da73476cf52c"}
E2E_X11_SUMMARY total=1 passed=1 failed=0 skipped=0
E2E_X11_SUMMARY total=1 passed=1 failed=0 skipped=0
E2E_X11_SUMMARY total=1 passed=1 failed=0 skipped=0
PASS SCREENSHOT UI-EXTERNAL-CONFLICT
E2E_X11_SUMMARY total=1 passed=1 failed=0 skipped=0
PASS EVIDENCE-EXTERNAL-CONFLICT production periodic disk digest detected a real backing-file rewrite
MDEDIT_STATE {"documents":1,"active":0,"mode":"Source","dirty":false,"conflict":false,"orphaned":false,"source_len":431,"cursor":0,"anchor":0,"undo":0,"redo":0,"modal":0,"modal_selection":0,"modal_progress":0.000,"modal_closing":false,"menu":0,"focus":3,"focus_index":0,"workspace_entries":0,"outline":false,"capsule_x":0.000,"nav_frost":0.000,"sidebar_width":0.7,"zoom":1.000,"split_ratio":0.500,"source_scroll":0.000,"preview_scroll":0.000,"active_ripples":0,"xim_available":true,"xic_available":true,"find_visible":false,"find_replace":false,"find_replacement_focus":false,"find_matches":0,"find_active":0,"image_selected":false,"image_resizing":false,"image_x":0,"image_y":0,"image_w":0,"image_h":0,"image_persisted_width":0,"recoveries":0,"recovery_index":0,"activated_external":false,"active_id":"1170f7acb27dfd694c954293d00ba177f2705215c5d515f55bfad2df348e60f2","tab_order_sha256":"9a5b70fe95de21de50821aac6be6c911b6b6604203c4ab1da52d64fe3b439d98","source_sha256":"b210a05c103f0b9cb02c547f56464cc6e00ef716a4604db355a1da73476cf52c"}
E2E_X11_SUMMARY total=1 passed=1 failed=0 skipped=0
E2E_X11_SUMMARY total=1 passed=1 failed=0 skipped=0
E2E_X11_SUMMARY total=1 passed=1 failed=0 skipped=0
MDEDIT_STATE {"documents":0,"active":0,"mode":"none","dirty":false,"conflict":false,"orphaned":false,"source_len":0,"cursor":0,"anchor":0,"undo":0,"redo":0,"modal":12,"modal_selection":0,"modal_progress":1.000,"modal_closing":false,"menu":0,"focus":5,"focus_index":0,"workspace_entries":0,"outline":false,"capsule_x":0.000,"nav_frost":0.000,"sidebar_width":6.6,"zoom":1.000,"split_ratio":0.500,"source_scroll":0.000,"preview_scroll":0.000,"active_ripples":0,"xim_available":true,"xic_available":true,"find_visible":false,"find_replace":false,"find_replacement_focus":false,"find_matches":0,"find_active":0,"image_selected":false,"image_resizing":false,"image_x":0,"image_y":0,"image_w":0,"image_h":0,"image_persisted_width":0,"recoveries":1,"recovery_index":0,"activated_external":false,"active_id":"","tab_order_sha256":"e3b0c44298fc1c149afbf4c8996fb92427ae41e4649b934ca495991b7852b855","source_sha256":"e3b0c44298fc1c149afbf4c8996fb92427ae41e4649b934ca495991b7852b855"}
E2E_X11_SUMMARY total=1 passed=1 failed=0 skipped=0
E2E_X11_SUMMARY total=1 passed=1 failed=0 skipped=0
PASS SCREENSHOT UI-RECOVERY-CENTER
E2E_X11_SUMMARY total=1 passed=1 failed=0 skipped=0
PASS EVIDENCE-RECOVERY-CENTER production recovery write survived SIGKILL and was integrity-checked on restart
MDEDIT_STATE {"documents":1,"active":0,"mode":"Source","dirty":false,"conflict":false,"orphaned":false,"source_len":431,"cursor":0,"anchor":0,"undo":0,"redo":0,"modal":0,"modal_selection":0,"modal_progress":0.000,"modal_closing":false,"menu":0,"focus":3,"focus_index":0,"workspace_entries":0,"outline":false,"capsule_x":0.000,"nav_frost":0.000,"sidebar_width":0.7,"zoom":1.000,"split_ratio":0.500,"source_scroll":0.000,"preview_scroll":0.000,"active_ripples":0,"xim_available":true,"xic_available":true,"find_visible":false,"find_replace":false,"find_replacement_focus":false,"find_matches":0,"find_active":0,"image_selected":false,"image_resizing":false,"image_x":0,"image_y":0,"image_w":0,"image_h":0,"image_persisted_width":0,"recoveries":0,"recovery_index":0,"activated_external":false,"active_id":"9f5d0e95771d3c7a41e2ce2d83d6b443c5e888f2554b40e2907b6dfcc6c99327","tab_order_sha256":"8e75381816f1c62c0a0399fbd0f4a6df6f65450c00b4ac8dba09c6647b4305a1","source_sha256":"b210a05c103f0b9cb02c547f56464cc6e00ef716a4604db355a1da73476cf52c"}
E2E_X11_SUMMARY total=1 passed=1 failed=0 skipped=0
E2E_X11_SUMMARY total=1 passed=1 failed=0 skipped=0
E2E_X11_SUMMARY total=2 passed=2 failed=0 skipped=0
E2E_X11_SUMMARY total=1 passed=1 failed=0 skipped=0
PASS SCREENSHOT UI-ERROR-SAVE
PASS EVIDENCE-ERROR-SAVE production safe-save ENOSPC injection preserved dirty in-memory bytes
MDEDIT_STATE {"documents":1,"active":0,"mode":"Source","dirty":false,"conflict":false,"orphaned":false,"source_len":431,"cursor":0,"anchor":0,"undo":0,"redo":0,"modal":0,"modal_selection":0,"modal_progress":0.000,"modal_closing":false,"menu":0,"focus":3,"focus_index":0,"workspace_entries":0,"outline":false,"capsule_x":0.000,"nav_frost":0.000,"sidebar_width":0.7,"zoom":1.000,"split_ratio":0.500,"source_scroll":0.000,"preview_scroll":0.000,"active_ripples":0,"xim_available":true,"xic_available":true,"find_visible":false,"find_replace":false,"find_replacement_focus":false,"find_matches":0,"find_active":0,"image_selected":false,"image_resizing":false,"image_x":0,"image_y":0,"image_w":0,"image_h":0,"image_persisted_width":0,"recoveries":0,"recovery_index":0,"activated_external":false,"active_id":"080e1aac9c4c818e573fce1526852c832f8859a441604104c2fdbe5544259dff","tab_order_sha256":"fdbacaa211c7883aa2adb1f919efddaee334bf496d8835d1a0ea27f8268dbb6a","source_sha256":"b210a05c103f0b9cb02c547f56464cc6e00ef716a4604db355a1da73476cf52c"}
E2E_X11_SUMMARY total=1 passed=1 failed=0 skipped=0
E2E_X11_SUMMARY total=1 passed=1 failed=0 skipped=0
PASS SCREENSHOT UI-FROSTED-TOP
E2E_X11_SUMMARY total=1 passed=1 failed=0 skipped=0
PASS SCREENSHOT UI-BUTTON-HOVER
E2E_X11_SUMMARY total=1 passed=1 failed=0 skipped=0
PASS SCREENSHOT UI-BUTTON-PRESS-RIPPLE
E2E_X11_SUMMARY total=1 passed=1 failed=0 skipped=0
PASS SCREENSHOT UI-BUTTON-RELEASE
E2E_X11_SUMMARY total=1 passed=1 failed=0 skipped=0
E2E_X11_SUMMARY total=1 passed=1 failed=0 skipped=0
E2E_X11_SUMMARY total=1 passed=1 failed=0 skipped=0
E2E_X11_SUMMARY total=1 passed=1 failed=0 skipped=0
E2E_X11_SUMMARY total=1 passed=1 failed=0 skipped=0
PASS SCREENSHOT UI-FROSTED-SCROLLED
E2E_X11_SUMMARY total=1 passed=1 failed=0 skipped=0
E2E_X11_SUMMARY total=1 passed=1 failed=0 skipped=0
E2E_X11_SUMMARY total=1 passed=1 failed=0 skipped=0
PASS SCREENSHOT UI-MODAL-OPEN-START
E2E_X11_SUMMARY total=1 passed=1 failed=0 skipped=0
PASS SCREENSHOT UI-MODAL-BLUR
E2E_X11_SUMMARY total=2 passed=2 failed=0 skipped=0
PASS SCREENSHOT UI-MODAL-CLOSE
E2E_X11_SUMMARY total=1 passed=1 failed=0 skipped=0
PASS SCREENSHOT UI-MODAL-END
PASS SCREENSHOT-DISTINCT outline-sidebar-visible
PASS SCREENSHOT-DISTINCT table-edit-visible
PASS SCREENSHOT-DISTINCT button-hover-to-press
PASS SCREENSHOT-DISTINCT button-press-to-release
PASS SCREENSHOT-DISTINCT frosted-scroll-transition
PASS SCREENSHOT-DISTINCT modal-open-transition
PASS SCREENSHOT-DISTINCT modal-close-transition
PASS SCREENSHOT-DISTINCT modal-close-completion
SCREENSHOT_SUMMARY total=29 passed=29 failed=0 skipped=0
